// Jest Snapshot v1, https://goo.gl/fbAQLP

exports[`SearchInput Component Test Unit should render correctly 1`] = `
<div
  class="searchInput awsomeClass"
  style="border-style: solid; border-color: #39c; border-width: 5px;"
>
  <div
    class="input-group"
  >
    <input
      class="form-control"
      tabindex="2"
      type="text"
      value="something"
    />
    <span
      class="input-group-btn searchInputButton"
    >
      <button
        class="btn"
        tabindex="2"
        type="button"
      >
        <span
          class="glyphicon"
        />
      </button>
    </span>
  </div>
</div>
`;
